--- 2026-06-13T14:48:13.548204 ---
To: gihandhanushka2003@gmail.com
Subject: [Scholar Track] URGENT: Task is Overdue - SQL Homework 2 (email_test)
Body:
Hi gihan,

This is an urgent alert from Scholar Track.

Your task "SQL Homework 2 (email_test)" (Category: Assignment, Subject: DBMS) is OVERDUE!
It was due on 2026-06-11 (2 days ago).

Please log in to Scholar Track to complete this task.

Best,
Scholar Track Team

--- 2026-06-13T14:50:46.223372 ---
To: gihandhanushka2003@gmail.com
Subject: [Scholar Track] URGENT: Task is Overdue - SQL Homework 2 (email_test)
Body:
Hi gihan,

This is an urgent alert from Scholar Track.

Your task "SQL Homework 2 (email_test)" (Category: Assignment, Subject: DBMS) is OVERDUE!
It was due on 2026-06-11 (2 days ago).

Please log in to Scholar Track to complete this task.

Best,
Scholar Track Team

--- 2026-06-13T14:51:49.832302 ---
To: gihandhanushka2003@gmail.com
Subject: [Scholar Track] URGENT: Task is Overdue - SQL Homework 2 (email_test)
Body:
Hi gihan,

This is an urgent alert from Scholar Track.

Your task "SQL Homework 2 (email_test)" (Category: Assignment, Subject: DBMS) is OVERDUE!
It was due on 2026-06-11 (2 days ago).

Please log in to Scholar Track to complete this task.

Best,
Scholar Track Team

--- 2026-06-13T14:55:28.962596 ---
To: gihandhanushka2003@gmail.com
Subject: [Scholar Track] URGENT: Task is Overdue - SQL Homework 2 (email_test)
Body:
Hi gihan,

This is an urgent alert from Scholar Track.

Your task "SQL Homework 2 (email_test)" (Category: Assignment, Subject: DBMS) is OVERDUE!
It was due on 2026-06-11 (2 days ago).

Please log in to Scholar Track to complete this task.

Best,
Scholar Track Team

--- 2026-06-13T14:57:34.220957 ---
To: gihandhanushka2003@gmail.com
Subject: [Scholar Track] URGENT: Task is Overdue - SQL Homework 2 (email_test)
Body:
Hi gihan,

This is an urgent alert from Scholar Track.

Your task "SQL Homework 2 (email_test)" (Category: Assignment, Subject: DBMS) is OVERDUE!
It was due on 2026-06-11 (2 days ago).

Please log in to Scholar Track to complete this task.

Best,
Scholar Track Team

--- 2026-06-13T15:04:35.520632 ---
To: gihandhanushka2003@gmail.com
Subject: [Scholar Track] AI Priority Alert: Focus on efdefd
Body:
Hi gihan,

This is an AI recommendation from Scholar Track.

Our machine learning model has flagged "efdefd" (Category: Assignment, Subject: ff) as a high impact task (Priority Score: 8.8).
We recommend focusing on this task first.

Best,
Scholar Track Team

--- 2026-06-13T15:04:35.815016 ---
To: gihandhanushka2003@gmail.com
Subject: [Scholar Track] AI Priority Alert: Focus on dssd
Body:
Hi gihan,

This is an AI recommendation from Scholar Track.

Our machine learning model has flagged "dssd" (Category: Assignment, Subject: sdsd) as a high impact task (Priority Score: 8.8).
We recommend focusing on this task first.

Best,
Scholar Track Team

--- 2026-06-13T15:04:36.153137 ---
To: gihandhanushka2003@gmail.com
Subject: [Scholar Track] AI Priority Alert: Focus on cscsc
Body:
Hi gihan,

This is an AI recommendation from Scholar Track.

Our machine learning model has flagged "cscsc" (Category: Assignment, Subject: scsfcs) as a high impact task (Priority Score: 8.8).
We recommend focusing on this task first.

Best,
Scholar Track Team

--- 2026-06-13T15:04:36.460520 ---
To: gihandhanushka2003@gmail.com
Subject: [Scholar Track] AI Priority Alert: Focus on assa
Body:
Hi gihan,

This is an AI recommendation from Scholar Track.

Our machine learning model has flagged "assa" (Category: Assignment, Subject: cscsc) as a high impact task (Priority Score: 8.8).
We recommend focusing on this task first.

Best,
Scholar Track Team

--- 2026-06-13T15:04:36.767638 ---
To: gihandhanushka2003@gmail.com
Subject: [Scholar Track] AI Priority Alert: Focus on wretrt
Body:
Hi gihan,

This is an AI recommendation from Scholar Track.

Our machine learning model has flagged "wretrt" (Category: Assignment, Subject: wfef) as a high impact task (Priority Score: 8.8).
We recommend focusing on this task first.

Best,
Scholar Track Team

--- 2026-06-13T15:04:37.044207 ---
To: gihandhanushka2003@gmail.com
Subject: [Scholar Track] AI Priority Alert: Focus on xvfd
Body:
Hi gihan,

This is an AI recommendation from Scholar Track.

Our machine learning model has flagged "xvfd" (Category: Assignment, Subject: ffdgg) as a high impact task (Priority Score: 8.8).
We recommend focusing on this task first.

Best,
Scholar Track Team

--- 2026-06-13T15:04:37.332216 ---
To: gihandhanushka2003@gmail.com
Subject: [Scholar Track] AI Priority Alert: Focus on swdwd
Body:
Hi gihan,

This is an AI recommendation from Scholar Track.

Our machine learning model has flagged "swdwd" (Category: Exam, Subject: wddw) as a high impact task (Priority Score: 10.0).
We recommend focusing on this task first.

Best,
Scholar Track Team

--- 2026-06-13T15:04:37.594431 ---
To: gihandhanushka2003@gmail.com
Subject: [Scholar Track] AI Priority Alert: Focus on SQL Homework 2 (email_test)
Body:
Hi gihan,

This is an AI recommendation from Scholar Track.

Our machine learning model has flagged "SQL Homework 2 (email_test)" (Category: Assignment, Subject: DBMS) as a high impact task (Priority Score: 8.8).
We recommend focusing on this task first.

Best,
Scholar Track Team

--- 2026-06-13T15:04:37.864451 ---
To: gihandhanushka2003@gmail.com
Subject: [Scholar Track] AI Priority Alert: Focus on dwd
Body:
Hi gihan,

This is an AI recommendation from Scholar Track.

Our machine learning model has flagged "dwd" (Category: Assignment, Subject: dd) as a high impact task (Priority Score: 8.8).
We recommend focusing on this task first.

Best,
Scholar Track Team

--- 2026-06-13T15:04:38.150965 ---
To: gihandhanushka2003@gmail.com
Subject: [Scholar Track] AI Priority Alert: Focus on gcf
Body:
Hi gihan,

This is an AI recommendation from Scholar Track.

Our machine learning model has flagged "gcf" (Category: Assignment, Subject: hv) as a high impact task (Priority Score: 8.8).
We recommend focusing on this task first.

Best,
Scholar Track Team

--- 2026-06-13T15:04:45.274695 ---
To: gihandhanushka2003@gmail.com
Subject: [Scholar Track] AI Priority Alert: Focus on efdefd
Body:
Hi gihan,

This is an AI recommendation from Scholar Track.

Our machine learning model has flagged "efdefd" (Category: Assignment, Subject: ff) as a high impact task (Priority Score: 8.8).
We recommend focusing on this task first.

Best,
Scholar Track Team

--- 2026-06-13T15:04:45.594414 ---
To: gihandhanushka2003@gmail.com
Subject: [Scholar Track] AI Priority Alert: Focus on dssd
Body:
Hi gihan,

This is an AI recommendation from Scholar Track.

Our machine learning model has flagged "dssd" (Category: Assignment, Subject: sdsd) as a high impact task (Priority Score: 8.8).
We recommend focusing on this task first.

Best,
Scholar Track Team

--- 2026-06-13T15:04:45.904602 ---
To: gihandhanushka2003@gmail.com
Subject: [Scholar Track] AI Priority Alert: Focus on cscsc
Body:
Hi gihan,

This is an AI recommendation from Scholar Track.

Our machine learning model has flagged "cscsc" (Category: Assignment, Subject: scsfcs) as a high impact task (Priority Score: 8.8).
We recommend focusing on this task first.

Best,
Scholar Track Team

--- 2026-06-13T15:04:46.204960 ---
To: gihandhanushka2003@gmail.com
Subject: [Scholar Track] AI Priority Alert: Focus on assa
Body:
Hi gihan,

This is an AI recommendation from Scholar Track.

Our machine learning model has flagged "assa" (Category: Assignment, Subject: cscsc) as a high impact task (Priority Score: 8.8).
We recommend focusing on this task first.

Best,
Scholar Track Team

--- 2026-06-13T15:04:46.547822 ---
To: gihandhanushka2003@gmail.com
Subject: [Scholar Track] AI Priority Alert: Focus on wretrt
Body:
Hi gihan,

This is an AI recommendation from Scholar Track.

Our machine learning model has flagged "wretrt" (Category: Assignment, Subject: wfef) as a high impact task (Priority Score: 8.8).
We recommend focusing on this task first.

Best,
Scholar Track Team

--- 2026-06-13T15:04:46.866446 ---
To: gihandhanushka2003@gmail.com
Subject: [Scholar Track] AI Priority Alert: Focus on xvfd
Body:
Hi gihan,

This is an AI recommendation from Scholar Track.

Our machine learning model has flagged "xvfd" (Category: Assignment, Subject: ffdgg) as a high impact task (Priority Score: 8.8).
We recommend focusing on this task first.

Best,
Scholar Track Team

--- 2026-06-13T15:04:47.214987 ---
To: gihandhanushka2003@gmail.com
Subject: [Scholar Track] AI Priority Alert: Focus on swdwd
Body:
Hi gihan,

This is an AI recommendation from Scholar Track.

Our machine learning model has flagged "swdwd" (Category: Exam, Subject: wddw) as a high impact task (Priority Score: 10.0).
We recommend focusing on this task first.

Best,
Scholar Track Team

--- 2026-06-13T15:04:47.524487 ---
To: gihandhanushka2003@gmail.com
Subject: [Scholar Track] AI Priority Alert: Focus on SQL Homework 2 (email_test)
Body:
Hi gihan,

This is an AI recommendation from Scholar Track.

Our machine learning model has flagged "SQL Homework 2 (email_test)" (Category: Assignment, Subject: DBMS) as a high impact task (Priority Score: 8.8).
We recommend focusing on this task first.

Best,
Scholar Track Team

--- 2026-06-13T15:04:47.981589 ---
To: gihandhanushka2003@gmail.com
Subject: [Scholar Track] AI Priority Alert: Focus on dwd
Body:
Hi gihan,

This is an AI recommendation from Scholar Track.

Our machine learning model has flagged "dwd" (Category: Assignment, Subject: dd) as a high impact task (Priority Score: 8.8).
We recommend focusing on this task first.

Best,
Scholar Track Team

--- 2026-06-13T15:04:48.298398 ---
To: gihandhanushka2003@gmail.com
Subject: [Scholar Track] AI Priority Alert: Focus on gcf
Body:
Hi gihan,

This is an AI recommendation from Scholar Track.

Our machine learning model has flagged "gcf" (Category: Assignment, Subject: hv) as a high impact task (Priority Score: 8.8).
We recommend focusing on this task first.

Best,
Scholar Track Team

--- 2026-06-13T15:18:13.277864 ---
To: student@university.edu
Subject: [Scholar Track] Reminder: Upcoming Deadline - Test Task
Body:
Hi Scholar Student,

This is a reminder from Scholar Track.

Your task "Test Task" (Category: Assignment, Subject: Test Subject) is due soon on 2026-06-15 (In 2 days).

Please log in to Scholar Track to review this task.

Best,
Scholar Track Team

--- 2026-06-13T15:18:13.584557 ---
To: student@university.edu
Subject: [Scholar Track] AI Priority Alert: Focus on Test Task
Body:
Hi Scholar Student,

This is an AI recommendation from Scholar Track.

Our machine learning model has flagged "Test Task" (Category: Assignment, Subject: Test Subject) as a high impact task (Priority Score: 7.0).
We recommend focusing on this task first.

Best,
Scholar Track Team

--- 2026-06-13T15:18:13.865284 ---
To: student@university.edu
Subject: [Scholar Track] Reminder: Upcoming Deadline - Test Single Task
Body:
Hi Scholar Student,

This is a reminder from Scholar Track.

Your task "Test Single Task" (Category: Assignment, Subject: Assignment) is due soon on 2026-06-15 (In 2 days).

Please log in to Scholar Track to review this task.

Best,
Scholar Track Team

--- 2026-06-13T15:18:14.416777 ---
To: student@university.edu
Subject: [Scholar Track] AI Priority Alert: Focus on Test Single Task
Body:
Hi Scholar Student,

This is an AI recommendation from Scholar Track.

Our machine learning model has flagged "Test Single Task" (Category: Assignment, Subject: Assignment) as a high impact task (Priority Score: 7.0).
We recommend focusing on this task first.

Best,
Scholar Track Team

--- 2026-06-13T15:18:14.716002 ---
To: student@university.edu
Subject: [Scholar Track] Reminder: Upcoming Deadline - Lab Report 1: Simple Pendulum
Body:
Hi Scholar Student,

This is a reminder from Scholar Track.

Your task "Lab Report 1: Simple Pendulum" (Category: Lab, Subject: Physics) is due soon on 2026-06-15 (In 2 days).

Please log in to Scholar Track to review this task.

Best,
Scholar Track Team

--- 2026-06-13T15:18:15.017784 ---
To: student@university.edu
Subject: [Scholar Track] Reminder: Upcoming Deadline - SQL Assignment 1: Complex Queries
Body:
Hi Scholar Student,

This is a reminder from Scholar Track.

Your task "SQL Assignment 1: Complex Queries" (Category: Assignment, Subject: DBMS) is due soon on 2026-06-15 (In 2 days).

Please log in to Scholar Track to review this task.

Best,
Scholar Track Team

--- 2026-06-13T15:53:08.745811 ---
To: student@university.edu
Subject: [Scholar Track] AI Priority Alert: Focus on Lab Report 1: Simple Pendulum
Body:
Hi Scholar Student,

This is an AI recommendation from Scholar Track.

Our machine learning model has flagged "Lab Report 1: Simple Pendulum" (Category: Lab, Subject: Physics) as a high impact task (Priority Score: 8.0).
We recommend focusing on this task first.

Best,
Scholar Track Team

--- 2026-06-13T15:53:09.052614 ---
To: student@university.edu
Subject: [Scholar Track] AI Priority Alert: Focus on Database Design Phase 1: E-R Diagram
Body:
Hi Scholar Student,

This is an AI recommendation from Scholar Track.

Our machine learning model has flagged "Database Design Phase 1: E-R Diagram" (Category: Project, Subject: DBMS) as a high impact task (Priority Score: 7.0).
We recommend focusing on this task first.

Best,
Scholar Track Team

--- 2026-06-20T09:38:18.337233 ---
To: tharushini722@gmail.com
Subject: [Scholar Track] URGENT: Task is Overdue - SQL Assignment 1: Complex Queries
Body:
Hi Praneepa Tharushini,

This is an urgent alert from Scholar Track.

Your task "SQL Assignment 1: Complex Queries" (Category: Assignment, Subject: DBMS) is OVERDUE!
It was due on 2026-06-17 (3 days ago).

Please log in to Scholar Track to complete this task.

Best,
Scholar Track Team

--- 2026-06-20T09:38:18.634776 ---
To: tharushini722@gmail.com
Subject: [Scholar Track] URGENT: Task is Overdue - Review New Microsoft Word Document
Body:
Hi Praneepa Tharushini,

This is an urgent alert from Scholar Track.

Your task "Review New Microsoft Word Document" (Category: Assignment, Subject: O|Other) is OVERDUE!
It was due on 2026-06-19 (1 days ago).

Please log in to Scholar Track to complete this task.

Best,
Scholar Track Team

--- 2026-06-20T09:38:18.901145 ---
To: tharushini722@gmail.com
Subject: [Scholar Track] AI Priority Alert: Focus on Review New Microsoft Word Document
Body:
Hi Praneepa Tharushini,

This is an AI recommendation from Scholar Track.

Our machine learning model has flagged "Review New Microsoft Word Document" (Category: Assignment, Subject: O|Other) as a high impact task (Priority Score: 8.8).
We recommend focusing on this task first.

Best,
Scholar Track Team

--- 2026-06-20T09:38:19.168566 ---
To: tharushini722@gmail.com
Subject: [Scholar Track] URGENT: Task is Overdue - OS Assignment 02: Watchdog Signal Handling C Program
Body:
Hi Praneepa Tharushini,

This is an urgent alert from Scholar Track.

Your task "OS Assignment 02: Watchdog Signal Handling C Program" (Category: Assignment, Subject: OS) is OVERDUE!
It was due on 2026-06-19 (1 days ago).

Please log in to Scholar Track to complete this task.

Best,
Scholar Track Team

--- 2026-06-20T09:38:19.467836 ---
To: tharushini722@gmail.com
Subject: [Scholar Track] AI Priority Alert: Focus on OS Assignment 02: Watchdog Signal Handling C Program
Body:
Hi Praneepa Tharushini,

This is an AI recommendation from Scholar Track.

Our machine learning model has flagged "OS Assignment 02: Watchdog Signal Handling C Program" (Category: Assignment, Subject: OS) as a high impact task (Priority Score: 8.8).
We recommend focusing on this task first.

Best,
Scholar Track Team

--- 2026-06-20T09:38:19.726098 ---
To: tharushini722@gmail.com
Subject: [Scholar Track] Reminder: Upcoming Deadline - Exam
Body:
Hi Praneepa Tharushini,

This is a reminder from Scholar Track.

Your task "Exam" (Category: Assignment, Subject: OS|Operating Systems) is due soon on 2026-06-20 (Today).

Please log in to Scholar Track to review this task.

Best,
Scholar Track Team

--- 2026-06-20T09:38:20.017378 ---
To: tharushini722@gmail.com
Subject: [Scholar Track] AI Priority Alert: Focus on Exam
Body:
Hi Praneepa Tharushini,

This is an AI recommendation from Scholar Track.

Our machine learning model has flagged "Exam" (Category: Assignment, Subject: OS|Operating Systems) as a high impact task (Priority Score: 8.8).
We recommend focusing on this task first.

Best,
Scholar Track Team

--- 2026-06-20T09:38:20.321746 ---
To: tharushini722@gmail.com
Subject: [Scholar Track] Reminder: Upcoming Deadline - Database Design Phase 1: E-R Diagram
Body:
Hi Praneepa Tharushini,

This is a reminder from Scholar Track.

Your task "Database Design Phase 1: E-R Diagram" (Category: Project, Subject: DBMS) is due soon on 2026-06-22 (In 2 days).

Please log in to Scholar Track to review this task.

Best,
Scholar Track Team

--- 2026-06-20T09:38:20.595881 ---
To: tharushini722@gmail.com
Subject: [Scholar Track] AI Priority Alert: Focus on Database Design Phase 1: E-R Diagram
Body:
Hi Praneepa Tharushini,

This is an AI recommendation from Scholar Track.

Our machine learning model has flagged "Database Design Phase 1: E-R Diagram" (Category: Project, Subject: DBMS) as a high impact task (Priority Score: 8.8).
We recommend focusing on this task first.

Best,
Scholar Track Team

--- 2026-06-20T09:38:20.886153 ---
To: tharushini722@gmail.com
Subject: [Scholar Track] URGENT: Task is Overdue - Praneepata behet aran denna
Body:
Hi Praneepa Tharushini,

This is an urgent alert from Scholar Track.

Your task "Praneepata behet aran denna" (Category: Project, Subject: MH|Mental Health) is OVERDUE!
It was due on 2026-06-13 (7 days ago).

Please log in to Scholar Track to complete this task.

Best,
Scholar Track Team

